Running 1m test @ http://10.107.12.112:5000
  2 threads and 8 connections
  Thread calibration: mean lat.: 869.259ms, rate sampling interval: 3934ms
  Thread calibration: mean lat.: 1010.637ms, rate sampling interval: 5304ms
  Thread Stats   Avg      Stdev     Max   +/- Stdev
    Latency     1.77s     1.92s   10.37s    86.97%
    Req/Sec     1.86      0.89     3.00    100.00%
  Latency Distribution (HdrHistogram - Recorded Latency)
 50.000%    1.45s 
 75.000%    2.34s 
 90.000%    4.48s 
 99.000%    7.79s 
 99.900%   10.38s 
 99.990%   10.38s 
 99.999%   10.38s 
100.000%   10.38s 

  Detailed Percentile spectrum:
       Value   Percentile   TotalCount 1/(1-Percentile)

      11.119     0.000000            1         1.00
      15.503     0.100000           24         1.11
      62.591     0.200000           48         1.25
     335.615     0.300000           72         1.43
     980.479     0.400000           96         1.67
    1449.983     0.500000          119         2.00
    1629.183     0.550000          131         2.22
    1773.567     0.600000          143         2.50
    1893.375     0.650000          155         2.86
    2051.071     0.700000          167         3.33
    2336.767     0.750000          179         4.00
    2467.839     0.775000          185         4.44
    2752.511     0.800000          191         5.00
    3131.391     0.825000          197         5.71
    3418.111     0.850000          203         6.67
    3907.583     0.875000          209         8.00
    4456.447     0.887500          212         8.89
    4562.943     0.900000          215        10.00
    4988.927     0.912500          218        11.43
    5218.303     0.925000          221        13.33
    5480.447     0.937500          224        16.00
    5959.679     0.943750          225        17.78
    6094.847     0.950000          227        20.00
    6279.167     0.956250          228        22.86
    6475.775     0.962500          230        26.67
    6627.327     0.968750          231        32.00
    6799.359     0.971875          232        35.56
    6877.183     0.975000          233        40.00
    6877.183     0.978125          233        45.71
    7278.591     0.981250          234        53.33
    7475.199     0.984375          235        64.00
    7475.199     0.985938          235        71.11
    7786.495     0.987500          236        80.00
    7786.495     0.989062          236        91.43
    7786.495     0.990625          236       106.67
    9789.439     0.992188          237       128.00
    9789.439     0.992969          237       142.22
    9789.439     0.993750          237       160.00
    9789.439     0.994531          237       182.86
    9789.439     0.995313          237       213.33
   10379.263     0.996094          238       256.00
   10379.263     1.000000          238          inf
#[Mean    =     1769.539, StdDeviation   =     1918.883]
#[Max     =    10371.072, Total count    =          238]
#[Buckets =           27, SubBuckets     =         2048]
----------------------------------------------------------
  291 requests in 1.00m, 741.48KB read
  Socket errors: connect 0, read 0, write 0, timeout 29
Requests/sec:      4.85
Transfer/sec:     12.35KB
