Running 1m test @ http://10.107.12.112:5000
  1 threads and 2 connections
  Thread calibration: mean lat.: 4.872ms, rate sampling interval: 13ms
  Thread Stats   Avg      Stdev     Max   +/- Stdev
    Latency     4.40ms  557.53us   5.80ms   64.58%
    Req/Sec     1.00     11.30   166.00     99.13%
  Latency Distribution (HdrHistogram - Recorded Latency)
 50.000%    4.40ms
 75.000%    4.67ms
 90.000%    5.13ms
 99.000%    5.80ms
 99.900%    5.80ms
 99.990%    5.80ms
 99.999%    5.80ms
100.000%    5.80ms

  Detailed Percentile spectrum:
       Value   Percentile   TotalCount 1/(1-Percentile)

       3.213     0.000000            1         1.00
       3.613     0.100000            5         1.11
       3.959     0.200000           10         1.25
       4.159     0.300000           15         1.43
       4.263     0.400000           20         1.67
       4.399     0.500000           24         2.00
       4.511     0.550000           27         2.22
       4.519     0.600000           29         2.50
       4.543     0.650000           32         2.86
       4.663     0.700000           34         3.33
       4.671     0.750000           36         4.00
       4.759     0.775000           38         4.44
       4.783     0.800000           39         5.00
       5.019     0.825000           40         5.71
       5.067     0.850000           41         6.67
       5.087     0.875000           42         8.00
       5.127     0.887500           44         8.89
       5.127     0.900000           44        10.00
       5.127     0.912500           44        11.43
       5.263     0.925000           45        13.33
       5.263     0.937500           45        16.00
       5.287     0.943750           46        17.78
       5.287     0.950000           46        20.00
       5.287     0.956250           46        22.86
       5.387     0.962500           47        26.67
       5.387     0.968750           47        32.00
       5.387     0.971875           47        35.56
       5.387     0.975000           47        40.00
       5.387     0.978125           47        45.71
       5.803     0.981250           48        53.33
       5.803     1.000000           48          inf
#[Mean    =        4.400, StdDeviation   =        0.558]
#[Max     =        5.800, Total count    =           48]
#[Buckets =           27, SubBuckets     =         2048]
----------------------------------------------------------
  61 requests in 1.00m, 12.69KB read
Requests/sec:      1.02
Transfer/sec:     216.53B
