Running 1m test @ http://10.107.12.112:5000
  1 threads and 2 connections
  Thread calibration: mean lat.: 12.420ms, rate sampling interval: 28ms
  Thread Stats   Avg      Stdev     Max   +/- Stdev
    Latency    12.30ms    1.15ms  15.26ms   72.00%
    Req/Sec     1.01      8.25    74.00     98.43%
  Latency Distribution (HdrHistogram - Recorded Latency)
 50.000%   12.38ms
 75.000%   13.07ms
 90.000%   13.49ms
 99.000%   15.27ms
 99.900%   15.27ms
 99.990%   15.27ms
 99.999%   15.27ms
100.000%   15.27ms

  Detailed Percentile spectrum:
       Value   Percentile   TotalCount 1/(1-Percentile)

       9.495     0.000000            1         1.00
      10.591     0.100000            5         1.11
      11.239     0.200000           10         1.25
      11.743     0.300000           15         1.43
      11.975     0.400000           20         1.67
      12.375     0.500000           25         2.00
      12.639     0.550000           28         2.22
      12.783     0.600000           31         2.50
      12.927     0.650000           33         2.86
      13.015     0.700000           36         3.33
      13.071     0.750000           38         4.00
      13.119     0.775000           39         4.44
      13.143     0.800000           40         5.00
      13.287     0.825000           42         5.71
      13.295     0.850000           43         6.67
      13.479     0.875000           44         8.00
      13.495     0.887500           45         8.89
      13.495     0.900000           45        10.00
      13.535     0.912500           46        11.43
      13.719     0.925000           47        13.33
      13.719     0.937500           47        16.00
      13.823     0.943750           48        17.78
      13.823     0.950000           48        20.00
      13.823     0.956250           48        22.86
      14.455     0.962500           49        26.67
      14.455     0.968750           49        32.00
      14.455     0.971875           49        35.56
      14.455     0.975000           49        40.00
      14.455     0.978125           49        45.71
      15.271     0.981250           50        53.33
      15.271     1.000000           50          inf
#[Mean    =       12.304, StdDeviation   =        1.145]
#[Max     =       15.264, Total count    =           50]
#[Buckets =           27, SubBuckets     =         2048]
----------------------------------------------------------
  60 requests in 1.00m, 12.48KB read
Requests/sec:      1.00
Transfer/sec:     212.95B
