Running 1m test @ http://10.107.12.112:5000
  2 threads and 8 connections
  Thread calibration: mean lat.: 7.974ms, rate sampling interval: 21ms
  Thread calibration: mean lat.: 7.728ms, rate sampling interval: 20ms
  Thread Stats   Avg      Stdev     Max   +/- Stdev
    Latency     7.71ms    1.29ms  12.75ms   66.94%
    Req/Sec     2.53     18.88   210.00     97.86%
  Latency Distribution (HdrHistogram - Recorded Latency)
 50.000%    7.66ms
 75.000%    8.58ms
 90.000%    9.39ms
 99.000%   11.16ms
 99.900%   12.76ms
 99.990%   12.76ms
 99.999%   12.76ms
100.000%   12.76ms

  Detailed Percentile spectrum:
       Value   Percentile   TotalCount 1/(1-Percentile)

       4.939     0.000000            1         1.00
       6.159     0.100000           25         1.11
       6.539     0.200000           50         1.25
       6.887     0.300000           75         1.43
       7.275     0.400000          100         1.67
       7.655     0.500000          124         2.00
       7.839     0.550000          137         2.22
       8.015     0.600000          149         2.50
       8.231     0.650000          162         2.86
       8.415     0.700000          174         3.33
       8.583     0.750000          186         4.00
       8.695     0.775000          193         4.44
       8.831     0.800000          199         5.00
       8.975     0.825000          205         5.71
       9.063     0.850000          211         6.67
       9.223     0.875000          217         8.00
       9.311     0.887500          222         8.89
       9.391     0.900000          224        10.00
       9.431     0.912500          227        11.43
       9.519     0.925000          230        13.33
       9.647     0.937500          233        16.00
       9.655     0.943750          235        17.78
       9.711     0.950000          236        20.00
       9.863     0.956250          238        22.86
       9.871     0.962500          239        26.67
      10.055     0.968750          241        32.00
      10.079     0.971875          242        35.56
      10.079     0.975000          242        40.00
      10.239     0.978125          243        45.71
      10.295     0.981250          244        53.33
      11.047     0.984375          245        64.00
      11.047     0.985938          245        71.11
      11.047     0.987500          245        80.00
      11.159     0.989062          246        91.43
      11.159     0.990625          246       106.67
      12.591     0.992188          247       128.00
      12.591     0.992969          247       142.22
      12.591     0.993750          247       160.00
      12.591     0.994531          247       182.86
      12.591     0.995313          247       213.33
      12.759     0.996094          248       256.00
      12.759     1.000000          248          inf
#[Mean    =        7.712, StdDeviation   =        1.293]
#[Max     =       12.752, Total count    =          248]
#[Buckets =           27, SubBuckets     =         2048]
----------------------------------------------------------
  304 requests in 1.00m, 104.50KB read
Requests/sec:      5.06
Transfer/sec:      1.74KB
