Running 1m test @ http://10.107.12.112:5000
  2 threads and 8 connections
  Thread calibration: mean lat.: 1557.024ms, rate sampling interval: 3557ms
  Thread calibration: mean lat.: 1553.589ms, rate sampling interval: 3545ms
  Thread Stats   Avg      Stdev     Max   +/- Stdev
    Latency     1.46s   344.10ms   2.00s    69.76%
    Req/Sec     2.00      0.46     3.00    100.00%
  Latency Distribution (HdrHistogram - Recorded Latency)
 50.000%    1.57s 
 75.000%    1.70s 
 90.000%    1.81s 
 99.000%    1.97s 
 99.900%    2.00s 
 99.990%    2.00s 
 99.999%    2.00s 
100.000%    2.00s 

  Detailed Percentile spectrum:
       Value   Percentile   TotalCount 1/(1-Percentile)

     314.623     0.000000            1         1.00
     913.919     0.100000           25         1.11
    1186.815     0.200000           50         1.25
    1373.183     0.300000           75         1.43
    1484.799     0.400000          101         1.67
    1571.839     0.500000          124         2.00
    1589.247     0.550000          138         2.22
    1600.511     0.600000          149         2.50
    1669.119     0.650000          162         2.86
    1685.503     0.700000          174         3.33
    1695.743     0.750000          186         4.00
    1702.911     0.775000          193         4.44
    1772.543     0.800000          200         5.00
    1780.735     0.825000          205         5.71
    1785.855     0.850000          211         6.67
    1800.191     0.875000          217         8.00
    1806.335     0.887500          221         8.89
    1808.383     0.900000          225        10.00
    1809.407     0.912500          228        11.43
    1813.503     0.925000          230        13.33
    1868.799     0.937500          233        16.00
    1870.847     0.943750          235        17.78
    1871.871     0.950000          236        20.00
    1875.967     0.956250          239        22.86
    1875.967     0.962500          239        26.67
    1878.015     0.968750          241        32.00
    1881.087     0.971875          242        35.56
    1881.087     0.975000          242        40.00
    1886.207     0.978125          243        45.71
    1894.399     0.981250          244        53.33
    1938.431     0.984375          245        64.00
    1938.431     0.985938          245        71.11
    1938.431     0.987500          245        80.00
    1973.247     0.989062          246        91.43
    1973.247     0.990625          246       106.67
    1985.535     0.992188          247       128.00
    1985.535     0.992969          247       142.22
    1985.535     0.993750          247       160.00
    1985.535     0.994531          247       182.86
    1985.535     0.995313          247       213.33
    2000.895     0.996094          248       256.00
    2000.895     1.000000          248          inf
#[Mean    =     1458.026, StdDeviation   =      344.097]
#[Max     =     1999.872, Total count    =          248]
#[Buckets =           27, SubBuckets     =         2048]
----------------------------------------------------------
  296 requests in 1.00m, 1.31MB read
Requests/sec:      4.93
Transfer/sec:     22.37KB
