Running 1m test @ http://10.107.12.112:5000
  2 threads and 8 connections
  Thread calibration: mean lat.: 17.473ms, rate sampling interval: 38ms
  Thread calibration: mean lat.: 71.441ms, rate sampling interval: 484ms
  Thread Stats   Avg      Stdev     Max   +/- Stdev
    Latency    25.84s     8.18s   43.22s    64.56%
    Req/Sec     1.55      9.01   135.00     96.25%
  Latency Distribution (HdrHistogram - Recorded Latency)
 50.000%   25.92s 
 75.000%   31.95s 
 90.000%   36.21s 
 99.000%   42.73s 
 99.900%   43.25s 
 99.990%   43.25s 
 99.999%   43.25s 
100.000%   43.25s 

  Detailed Percentile spectrum:
       Value   Percentile   TotalCount 1/(1-Percentile)

    9232.383     0.000000            1         1.00
   14835.711     0.100000           16         1.11
   18153.471     0.200000           32         1.25
   20611.071     0.300000           48         1.43
   23117.823     0.400000           64         1.67
   25919.487     0.500000           79         2.00
   27115.519     0.550000           87         2.22
   28049.407     0.600000           95         2.50
   29949.951     0.650000          103         2.86
   30949.375     0.700000          111         3.33
   31948.799     0.750000          119         4.00
   33128.447     0.775000          123         4.44
   33406.975     0.800000          127         5.00
   34045.951     0.825000          131         5.71
   34635.775     0.850000          135         6.67
   35356.671     0.875000          139         8.00
   36143.103     0.887500          141         8.89
   36339.711     0.900000          143        10.00
   37224.447     0.912500          145        11.43
   37715.967     0.925000          147        13.33
   38633.471     0.937500          149        16.00
   39649.279     0.943750          150        17.78
   40075.263     0.950000          151        20.00
   41156.607     0.956250          152        22.86
   41648.127     0.962500          153        26.67
   42237.951     0.968750          154        32.00
   42237.951     0.971875          154        35.56
   42631.167     0.975000          155        40.00
   42631.167     0.978125          155        45.71
   42729.471     0.981250          156        53.33
   42729.471     0.984375          156        64.00
   42729.471     0.985938          156        71.11
   42795.007     0.987500          157        80.00
   42795.007     0.989062          157        91.43
   42795.007     0.990625          157       106.67
   42795.007     0.992188          157       128.00
   42795.007     0.992969          157       142.22
   43253.759     0.993750          158       160.00
   43253.759     1.000000          158          inf
#[Mean    =    25837.672, StdDeviation   =     8181.440]
#[Max     =    43220.992, Total count    =          158]
#[Buckets =           27, SubBuckets     =         2048]
----------------------------------------------------------
  168 requests in 1.00m, 365.79KB read
  Socket errors: connect 0, read 0, write 0, timeout 166
Requests/sec:      2.80
Transfer/sec:      6.09KB
